// Jest Snapshot v1, https://goo.gl/fbAQLP

exports[`alert test Matches the snapshot 1`] = `
Array [
  <AlertShowError
    color="info"
    message="Product add"
  />,
]
`;
