// Jest Snapshot v1, https://goo.gl/fbAQLP

exports[`ModalProduct test Matches the snapshot 1`] = `
Array [
  <ModalProduct
    data={Object {}}
    handlerDataModal={[MockFunction]}
    handlerEmmiterModal={[MockFunction]}
    handlerShowModal={[MockFunction]}
    isOpen={true}
  />,
]
`;
