// Jest Snapshot v1, https://goo.gl/fbAQLP

exports[`navHeader Matches the snapshot 1`] = `
Array [
  <NavHeader />,
]
`;
